Archive member included to satisfy reference by file (symbol)

/usr/local/bin/arm-gnu-toolchain/bin/../lib/gcc/arm-none-eabi/10.3.1/../../../../arm-none-eabi/lib/thumb/v7-m/nofp/libc_nano.a(lib_a-init.o)
                              /tmp/ccALJjan.o (__libc_init_array)

Discarded input sections

 .group         0x0000000000000000        0xc /tmp/ccehngWU.o
 .group         0x0000000000000000        0xc /tmp/ccehngWU.o
 .group         0x0000000000000000        0xc /tmp/ccehngWU.o
 .group         0x0000000000000000        0xc /tmp/ccehngWU.o
 .group         0x0000000000000000        0xc /tmp/ccehngWU.o
 .group         0x0000000000000000        0xc /tmp/ccehngWU.o
 .group         0x0000000000000000        0xc /tmp/ccehngWU.o
 .group         0x0000000000000000        0xc /tmp/ccehngWU.o
 .group         0x0000000000000000        0xc /tmp/ccehngWU.o
 .group         0x0000000000000000        0xc /tmp/ccehngWU.o
 .group         0x0000000000000000        0xc /tmp/ccehngWU.o
 .group         0x0000000000000000        0xc /tmp/ccehngWU.o
 .group         0x0000000000000000        0xc /tmp/ccehngWU.o
 .text          0x0000000000000000        0x0 /tmp/ccehngWU.o
 .data          0x0000000000000000        0x0 /tmp/ccehngWU.o
 .bss           0x0000000000000000        0x0 /tmp/ccehngWU.o
 .group         0x0000000000000000        0xc /tmp/cc5liNaz.o
 .group         0x0000000000000000        0xc /tmp/cc5liNaz.o
 .group         0x0000000000000000        0xc /tmp/cc5liNaz.o
 .group         0x0000000000000000        0xc /tmp/cc5liNaz.o
 .group         0x0000000000000000        0xc /tmp/cc5liNaz.o
 .group         0x0000000000000000        0xc /tmp/cc5liNaz.o
 .group         0x0000000000000000        0xc /tmp/cc5liNaz.o
 .group         0x0000000000000000        0xc /tmp/cc5liNaz.o
 .group         0x0000000000000000        0xc /tmp/cc5liNaz.o
 .group         0x0000000000000000        0xc /tmp/cc5liNaz.o
 .group         0x0000000000000000        0xc /tmp/cc5liNaz.o
 .group         0x0000000000000000        0xc /tmp/cc5liNaz.o
 .group         0x0000000000000000        0xc /tmp/cc5liNaz.o
 .text          0x0000000000000000        0x0 /tmp/cc5liNaz.o
 .data          0x0000000000000000        0x0 /tmp/cc5liNaz.o
 .bss           0x0000000000000000        0x0 /tmp/cc5liNaz.o
 .debug_macro   0x0000000000000000      0xa66 /tmp/cc5liNaz.o
 .debug_macro   0x0000000000000000       0x22 /tmp/cc5liNaz.o
 .debug_macro   0x0000000000000000       0x22 /tmp/cc5liNaz.o
 .debug_macro   0x0000000000000000       0x8e /tmp/cc5liNaz.o
 .debug_macro   0x0000000000000000       0x51 /tmp/cc5liNaz.o
 .debug_macro   0x0000000000000000      0x103 /tmp/cc5liNaz.o
 .debug_macro   0x0000000000000000       0x6a /tmp/cc5liNaz.o
 .debug_macro   0x0000000000000000      0x1df /tmp/cc5liNaz.o
 .debug_macro   0x0000000000000000       0x1c /tmp/cc5liNaz.o
 .debug_macro   0x0000000000000000       0x22 /tmp/cc5liNaz.o
 .debug_macro   0x0000000000000000       0xbd /tmp/cc5liNaz.o
 .debug_macro   0x0000000000000000      0xd23 /tmp/cc5liNaz.o
 .debug_macro   0x0000000000000000     0xe09e /tmp/cc5liNaz.o
 .group         0x0000000000000000        0xc /tmp/ccTOLBGK.o
 .group         0x0000000000000000        0xc /tmp/ccTOLBGK.o
 .group         0x0000000000000000        0xc /tmp/ccTOLBGK.o
 .group         0x0000000000000000        0xc /tmp/ccTOLBGK.o
 .group         0x0000000000000000        0xc /tmp/ccTOLBGK.o
 .group         0x0000000000000000        0xc /tmp/ccTOLBGK.o
 .group         0x0000000000000000        0xc /tmp/ccTOLBGK.o
 .group         0x0000000000000000        0xc /tmp/ccTOLBGK.o
 .group         0x0000000000000000        0xc /tmp/ccTOLBGK.o
 .group         0x0000000000000000        0xc /tmp/ccTOLBGK.o
 .group         0x0000000000000000        0xc /tmp/ccTOLBGK.o
 .group         0x0000000000000000        0xc /tmp/ccTOLBGK.o
 .group         0x0000000000000000        0xc /tmp/ccTOLBGK.o
 .text          0x0000000000000000        0x0 /tmp/ccTOLBGK.o
 .data          0x0000000000000000        0x0 /tmp/ccTOLBGK.o
 .bss           0x0000000000000000        0x0 /tmp/ccTOLBGK.o
 .debug_macro   0x0000000000000000      0xa66 /tmp/ccTOLBGK.o
 .debug_macro   0x0000000000000000       0x22 /tmp/ccTOLBGK.o
 .debug_macro   0x0000000000000000       0x22 /tmp/ccTOLBGK.o
 .debug_macro   0x0000000000000000       0x8e /tmp/ccTOLBGK.o
 .debug_macro   0x0000000000000000       0x51 /tmp/ccTOLBGK.o
 .debug_macro   0x0000000000000000      0x103 /tmp/ccTOLBGK.o
 .debug_macro   0x0000000000000000       0x6a /tmp/ccTOLBGK.o
 .debug_macro   0x0000000000000000      0x1df /tmp/ccTOLBGK.o
 .debug_macro   0x0000000000000000       0x1c /tmp/ccTOLBGK.o
 .debug_macro   0x0000000000000000       0x22 /tmp/ccTOLBGK.o
 .debug_macro   0x0000000000000000       0xbd /tmp/ccTOLBGK.o
 .debug_macro   0x0000000000000000      0xd23 /tmp/ccTOLBGK.o
 .debug_macro   0x0000000000000000     0xe09e /tmp/ccTOLBGK.o
 .group         0x0000000000000000        0xc /tmp/ccMHQbTx.o
 .group         0x0000000000000000        0xc /tmp/ccMHQbTx.o
 .group         0x0000000000000000        0xc /tmp/ccMHQbTx.o
 .group         0x0000000000000000        0xc /tmp/ccMHQbTx.o
 .group         0x0000000000000000        0xc /tmp/ccMHQbTx.o
 .group         0x0000000000000000        0xc /tmp/ccMHQbTx.o
 .group         0x0000000000000000        0xc /tmp/ccMHQbTx.o
 .group         0x0000000000000000        0xc /tmp/ccMHQbTx.o
 .group         0x0000000000000000        0xc /tmp/ccMHQbTx.o
 .group         0x0000000000000000        0xc /tmp/ccMHQbTx.o
 .group         0x0000000000000000        0xc /tmp/ccMHQbTx.o
 .group         0x0000000000000000        0xc /tmp/ccMHQbTx.o
 .group         0x0000000000000000        0xc /tmp/ccMHQbTx.o
 .group         0x0000000000000000        0xc /tmp/ccMHQbTx.o
 .group         0x0000000000000000        0xc /tmp/ccMHQbTx.o
 .group         0x0000000000000000        0xc /tmp/ccMHQbTx.o
 .group         0x0000000000000000        0xc /tmp/ccMHQbTx.o
 .text          0x0000000000000000        0x0 /tmp/ccMHQbTx.o
 .data          0x0000000000000000        0x0 /tmp/ccMHQbTx.o
 .bss           0x0000000000000000        0x0 /tmp/ccMHQbTx.o
 .debug_macro   0x0000000000000000      0xa66 /tmp/ccMHQbTx.o
 .debug_macro   0x0000000000000000       0x22 /tmp/ccMHQbTx.o
 .debug_macro   0x0000000000000000       0x22 /tmp/ccMHQbTx.o
 .debug_macro   0x0000000000000000       0x8e /tmp/ccMHQbTx.o
 .debug_macro   0x0000000000000000       0x51 /tmp/ccMHQbTx.o
 .debug_macro   0x0000000000000000      0x103 /tmp/ccMHQbTx.o
 .debug_macro   0x0000000000000000       0x6a /tmp/ccMHQbTx.o
 .debug_macro   0x0000000000000000      0x1df /tmp/ccMHQbTx.o
 .debug_macro   0x0000000000000000       0x1c /tmp/ccMHQbTx.o
 .debug_macro   0x0000000000000000       0x22 /tmp/ccMHQbTx.o
 .debug_macro   0x0000000000000000       0xbd /tmp/ccMHQbTx.o
 .debug_macro   0x0000000000000000      0xd23 /tmp/ccMHQbTx.o
 .debug_macro   0x0000000000000000     0xe09e /tmp/ccMHQbTx.o
 .group         0x0000000000000000        0xc /tmp/cchp82Rm.o
 .group         0x0000000000000000        0xc /tmp/cchp82Rm.o
 .group         0x0000000000000000        0xc /tmp/cchp82Rm.o
 .group         0x0000000000000000        0xc /tmp/cchp82Rm.o
 .group         0x0000000000000000        0xc /tmp/cchp82Rm.o
 .group         0x0000000000000000        0xc /tmp/cchp82Rm.o
 .group         0x0000000000000000        0xc /tmp/cchp82Rm.o
 .group         0x0000000000000000        0xc /tmp/cchp82Rm.o
 .group         0x0000000000000000        0xc /tmp/cchp82Rm.o
 .group         0x0000000000000000        0xc /tmp/cchp82Rm.o
 .group         0x0000000000000000        0xc /tmp/cchp82Rm.o
 .group         0x0000000000000000        0xc /tmp/cchp82Rm.o
 .group         0x0000000000000000        0xc /tmp/cchp82Rm.o
 .group         0x0000000000000000        0xc /tmp/cchp82Rm.o
 .group         0x0000000000000000        0xc /tmp/cchp82Rm.o
 .text          0x0000000000000000        0x0 /tmp/cchp82Rm.o
 .data          0x0000000000000000        0x0 /tmp/cchp82Rm.o
 .bss           0x0000000000000000        0x0 /tmp/cchp82Rm.o
 .text.SystemCoreClockUpdate
                0x0000000000000000       0x58 /tmp/cchp82Rm.o
 .data.SystemCoreClock
                0x0000000000000000        0x4 /tmp/cchp82Rm.o
 .rodata.AHBPrescTable
                0x0000000000000000       0x10 /tmp/cchp82Rm.o
 .rodata.APBPrescTable
                0x0000000000000000        0x8 /tmp/cchp82Rm.o
 .debug_macro   0x0000000000000000      0xa66 /tmp/cchp82Rm.o
 .debug_macro   0x0000000000000000       0x22 /tmp/cchp82Rm.o
 .debug_macro   0x0000000000000000       0x22 /tmp/cchp82Rm.o
 .debug_macro   0x0000000000000000       0x8e /tmp/cchp82Rm.o
 .debug_macro   0x0000000000000000       0x51 /tmp/cchp82Rm.o
 .debug_macro   0x0000000000000000      0x103 /tmp/cchp82Rm.o
 .debug_macro   0x0000000000000000       0x6a /tmp/cchp82Rm.o
 .debug_macro   0x0000000000000000      0x1df /tmp/cchp82Rm.o
 .debug_macro   0x0000000000000000       0x1c /tmp/cchp82Rm.o
 .debug_macro   0x0000000000000000       0x22 /tmp/cchp82Rm.o
 .debug_macro   0x0000000000000000       0xbd /tmp/cchp82Rm.o
 .debug_macro   0x0000000000000000      0xd23 /tmp/cchp82Rm.o
 .debug_macro   0x0000000000000000     0xe09e /tmp/cchp82Rm.o
 .group         0x0000000000000000        0xc /tmp/ccAgQIPU.o
 .group         0x0000000000000000        0xc /tmp/ccAgQIPU.o
 .group         0x0000000000000000        0xc /tmp/ccAgQIPU.o
 .group         0x0000000000000000        0xc /tmp/ccAgQIPU.o
 .group         0x0000000000000000        0xc /tmp/ccAgQIPU.o
 .group         0x0000000000000000        0xc /tmp/ccAgQIPU.o
 .group         0x0000000000000000        0xc /tmp/ccAgQIPU.o
 .group         0x0000000000000000        0xc /tmp/ccAgQIPU.o
 .group         0x0000000000000000        0xc /tmp/ccAgQIPU.o
 .group         0x0000000000000000        0xc /tmp/ccAgQIPU.o
 .group         0x0000000000000000        0xc /tmp/ccAgQIPU.o
 .group         0x0000000000000000        0xc /tmp/ccAgQIPU.o
 .group         0x0000000000000000        0xc /tmp/ccAgQIPU.o
 .group         0x0000000000000000        0xc /tmp/ccAgQIPU.o
 .text          0x0000000000000000        0x0 /tmp/ccAgQIPU.o
 .data          0x0000000000000000        0x0 /tmp/ccAgQIPU.o
 .bss           0x0000000000000000        0x0 /tmp/ccAgQIPU.o
 .text.delay_minutes
                0x0000000000000000       0x30 /tmp/ccAgQIPU.o
 .text.delay_mu
                0x0000000000000000       0x26 /tmp/ccAgQIPU.o
 .debug_macro   0x0000000000000000      0xa66 /tmp/ccAgQIPU.o
 .debug_macro   0x0000000000000000       0x1c /tmp/ccAgQIPU.o
 .debug_macro   0x0000000000000000       0x22 /tmp/ccAgQIPU.o
 .debug_macro   0x0000000000000000       0x22 /tmp/ccAgQIPU.o
 .debug_macro   0x0000000000000000       0x8e /tmp/ccAgQIPU.o
 .debug_macro   0x0000000000000000       0x51 /tmp/ccAgQIPU.o
 .debug_macro   0x0000000000000000      0x103 /tmp/ccAgQIPU.o
 .debug_macro   0x0000000000000000       0x6a /tmp/ccAgQIPU.o
 .debug_macro   0x0000000000000000      0x1df /tmp/ccAgQIPU.o
 .debug_macro   0x0000000000000000       0x1c /tmp/ccAgQIPU.o
 .debug_macro   0x0000000000000000       0x22 /tmp/ccAgQIPU.o
 .debug_macro   0x0000000000000000       0xbd /tmp/ccAgQIPU.o
 .debug_macro   0x0000000000000000      0xd23 /tmp/ccAgQIPU.o
 .debug_macro   0x0000000000000000     0xe09e /tmp/ccAgQIPU.o
 .group         0x0000000000000000        0xc /tmp/ccAI0vdE.o
 .group         0x0000000000000000        0xc /tmp/ccAI0vdE.o
 .group         0x0000000000000000        0xc /tmp/ccAI0vdE.o
 .group         0x0000000000000000        0xc /tmp/ccAI0vdE.o
 .group         0x0000000000000000        0xc /tmp/ccAI0vdE.o
 .group         0x0000000000000000        0xc /tmp/ccAI0vdE.o
 .group         0x0000000000000000        0xc /tmp/ccAI0vdE.o
 .group         0x0000000000000000        0xc /tmp/ccAI0vdE.o
 .group         0x0000000000000000        0xc /tmp/ccAI0vdE.o
 .group         0x0000000000000000        0xc /tmp/ccAI0vdE.o
 .group         0x0000000000000000        0xc /tmp/ccAI0vdE.o
 .group         0x0000000000000000        0xc /tmp/ccAI0vdE.o
 .group         0x0000000000000000        0xc /tmp/ccAI0vdE.o
 .group         0x0000000000000000        0xc /tmp/ccAI0vdE.o
 .text          0x0000000000000000        0x0 /tmp/ccAI0vdE.o
 .data          0x0000000000000000        0x0 /tmp/ccAI0vdE.o
 .bss           0x0000000000000000        0x0 /tmp/ccAI0vdE.o
 .debug_macro   0x0000000000000000      0xa66 /tmp/ccAI0vdE.o
 .debug_macro   0x0000000000000000       0x22 /tmp/ccAI0vdE.o
 .debug_macro   0x0000000000000000       0x22 /tmp/ccAI0vdE.o
 .debug_macro   0x0000000000000000       0x8e /tmp/ccAI0vdE.o
 .debug_macro   0x0000000000000000       0x51 /tmp/ccAI0vdE.o
 .debug_macro   0x0000000000000000      0x103 /tmp/ccAI0vdE.o
 .debug_macro   0x0000000000000000       0x6a /tmp/ccAI0vdE.o
 .debug_macro   0x0000000000000000      0x1df /tmp/ccAI0vdE.o
 .debug_macro   0x0000000000000000       0x1c /tmp/ccAI0vdE.o
 .debug_macro   0x0000000000000000       0x22 /tmp/ccAI0vdE.o
 .debug_macro   0x0000000000000000       0xbd /tmp/ccAI0vdE.o
 .debug_macro   0x0000000000000000      0xd23 /tmp/ccAI0vdE.o
 .debug_macro   0x0000000000000000     0xe09e /tmp/ccAI0vdE.o
 .text          0x0000000000000000       0x14 /tmp/ccALJjan.o
 .data          0x0000000000000000        0x0 /tmp/ccALJjan.o
 .bss           0x0000000000000000        0x0 /tmp/ccALJjan.o
 .text          0x0000000000000000        0x0 /usr/local/bin/arm-gnu-toolchain/bin/../lib/gcc/arm-none-eabi/10.3.1/../../../../arm-none-eabi/lib/thumb/v7-m/nofp/libc_nano.a(lib_a-init.o)
 .data          0x0000000000000000        0x0 /usr/local/bin/arm-gnu-toolchain/bin/../lib/gcc/arm-none-eabi/10.3.1/../../../../arm-none-eabi/lib/thumb/v7-m/nofp/libc_nano.a(lib_a-init.o)
 .bss           0x0000000000000000        0x0 /usr/local/bin/arm-gnu-toolchain/bin/../lib/gcc/arm-none-eabi/10.3.1/../../../../arm-none-eabi/lib/thumb/v7-m/nofp/libc_nano.a(lib_a-init.o)

Memory Configuration

Name             Origin             Length             Attributes
RAM              0x0000000020000000 0x0000000000005000 xrw
FLASH            0x0000000008000000 0x0000000000010000 xr
*default*        0x0000000000000000 0xffffffffffffffff

Linker script and memory map

LOAD /tmp/ccehngWU.o
LOAD /tmp/cc5liNaz.o
LOAD /tmp/ccTOLBGK.o
LOAD /tmp/ccMHQbTx.o
LOAD /tmp/cchp82Rm.o
LOAD /tmp/ccAgQIPU.o
LOAD /tmp/ccAI0vdE.o
LOAD /tmp/ccALJjan.o
LOAD /usr/local/bin/arm-gnu-toolchain/bin/../lib/gcc/arm-none-eabi/10.3.1/../../../../arm-none-eabi/lib/thumb/v7-m/nofp/libc_nano.a
LOAD /usr/local/bin/arm-gnu-toolchain/bin/../lib/gcc/arm-none-eabi/10.3.1/thumb/v7-m/nofp/libgcc.a
                0x0000000020005000                _estack = (ORIGIN (RAM) + LENGTH (RAM))
                0x0000000000000200                _Min_Heap_Size = 0x200
                0x0000000000000400                _Min_Stack_Size = 0x400

.isr_vector     0x0000000008000000      0x10c
                0x0000000008000000                . = ALIGN (0x4)
 *(.isr_vector)
 .isr_vector    0x0000000008000000      0x10c /tmp/ccALJjan.o
                0x0000000008000000                g_pfnVectors
                0x000000000800010c                . = ALIGN (0x4)

.text           0x000000000800010c      0x504
                0x000000000800010c                . = ALIGN (0x4)
 *(.text)
 *(.text*)
 .text.exti_init
                0x000000000800010c       0xa8 /tmp/ccehngWU.o
                0x000000000800010c                exti_init
 .text.gpio_init
                0x00000000080001b4       0x74 /tmp/cc5liNaz.o
                0x00000000080001b4                gpio_init
 .text.clock_init
                0x0000000008000228       0x60 /tmp/ccTOLBGK.o
                0x0000000008000228                clock_init
 .text.standby_mode
                0x0000000008000288       0x48 /tmp/ccMHQbTx.o
 .text.startup.main
                0x00000000080002d0      0x134 /tmp/ccMHQbTx.o
                0x00000000080002d0                main
 .text.EXTI15_10_IRQHandler
                0x0000000008000404       0x50 /tmp/ccMHQbTx.o
                0x0000000008000404                EXTI15_10_IRQHandler
 .text.EXTI4_IRQHandler
                0x0000000008000454       0x50 /tmp/ccMHQbTx.o
                0x0000000008000454                EXTI4_IRQHandler
 .text.EXTI0_IRQHandler
                0x00000000080004a4       0x18 /tmp/ccMHQbTx.o
                0x00000000080004a4                EXTI0_IRQHandler
 .text.TIM2_IRQHandler
                0x00000000080004bc       0x50 /tmp/ccMHQbTx.o
                0x00000000080004bc                TIM2_IRQHandler
 .text.SystemInit
                0x000000000800050c        0x2 /tmp/cchp82Rm.o
                0x000000000800050c                SystemInit
 *fill*         0x000000000800050e        0x2 
 .text.delay_ms
                0x0000000008000510       0x2c /tmp/ccAgQIPU.o
                0x0000000008000510                delay_ms
 .text.tim2_init
                0x000000000800053c       0x40 /tmp/ccAI0vdE.o
                0x000000000800053c                tim2_init
 .text.Reset_Handler
                0x000000000800057c       0x48 /tmp/ccALJjan.o
                0x000000000800057c                Reset_Handler
 .text.Default_Handler
                0x00000000080005c4        0x4 /tmp/ccALJjan.o
                0x00000000080005c4                RTC_Alarm_IRQHandler
                0x00000000080005c4                EXTI2_IRQHandler
                0x00000000080005c4                DebugMon_Handler
                0x00000000080005c4                TIM1_CC_IRQHandler
                0x00000000080005c4                HardFault_Handler
                0x00000000080005c4                SysTick_Handler
                0x00000000080005c4                PVD_IRQHandler
                0x00000000080005c4                PendSV_Handler
                0x00000000080005c4                NMI_Handler
                0x00000000080005c4                EXTI3_IRQHandler
                0x00000000080005c4                I2C2_EV_IRQHandler
                0x00000000080005c4                UsageFault_Handler
                0x00000000080005c4                ADC1_2_IRQHandler
                0x00000000080005c4                SPI1_IRQHandler
                0x00000000080005c4                TAMPER_IRQHandler
                0x00000000080005c4                DMA1_Channel4_IRQHandler
                0x00000000080005c4                USART3_IRQHandler
                0x00000000080005c4                RTC_IRQHandler
                0x00000000080005c4                DMA1_Channel7_IRQHandler
                0x00000000080005c4                CAN1_RX1_IRQHandler
                0x00000000080005c4                TIM4_IRQHandler
                0x00000000080005c4                I2C1_EV_IRQHandler
                0x00000000080005c4                DMA1_Channel6_IRQHandler
                0x00000000080005c4                TIM3_IRQHandler
                0x00000000080005c4                RCC_IRQHandler
                0x00000000080005c4                TIM1_TRG_COM_IRQHandler
                0x00000000080005c4                DMA1_Channel1_IRQHandler
                0x00000000080005c4                Default_Handler
                0x00000000080005c4                EXTI9_5_IRQHandler
                0x00000000080005c4                SPI2_IRQHandler
                0x00000000080005c4                MemManage_Handler
                0x00000000080005c4                SVC_Handler
                0x00000000080005c4                DMA1_Channel5_IRQHandler
                0x00000000080005c4                USB_LP_CAN1_RX0_IRQHandler
                0x00000000080005c4                USB_HP_CAN1_TX_IRQHandler
                0x00000000080005c4                DMA1_Channel3_IRQHandler
                0x00000000080005c4                TIM1_UP_IRQHandler
                0x00000000080005c4                WWDG_IRQHandler
                0x00000000080005c4                TIM1_BRK_IRQHandler
                0x00000000080005c4                EXTI1_IRQHandler
                0x00000000080005c4                USART2_IRQHandler
                0x00000000080005c4                I2C2_ER_IRQHandler
                0x00000000080005c4                DMA1_Channel2_IRQHandler
                0x00000000080005c4                CAN1_SCE_IRQHandler
                0x00000000080005c4                FLASH_IRQHandler
                0x00000000080005c4                BusFault_Handler
                0x00000000080005c4                USART1_IRQHandler
                0x00000000080005c4                I2C1_ER_IRQHandler
                0x00000000080005c4                USBWakeUp_IRQHandler
                0x00000000080005c6                _init
 .text.__libc_init_array
                0x00000000080005c8       0x48 /usr/local/bin/arm-gnu-toolchain/bin/../lib/gcc/arm-none-eabi/10.3.1/../../../../arm-none-eabi/lib/thumb/v7-m/nofp/libc_nano.a(lib_a-init.o)
                0x00000000080005c8                __libc_init_array
 *(.glue_7)
 .glue_7        0x0000000008000610        0x0 linker stubs
 *(.glue_7t)
 .glue_7t       0x0000000008000610        0x0 linker stubs
 *(.eh_frame)
 *(.init)
 *(.fini)
                0x0000000008000610                . = ALIGN (0x4)
                0x0000000008000610                _etext = .

.vfp11_veneer   0x0000000008000610        0x0
 .vfp11_veneer  0x0000000008000610        0x0 linker stubs

.v4_bx          0x0000000008000610        0x0
 .v4_bx         0x0000000008000610        0x0 linker stubs

.iplt           0x0000000008000610        0x0
 .iplt          0x0000000008000610        0x0 /tmp/ccMHQbTx.o

.rel.dyn        0x0000000008000610        0x0
 .rel.iplt      0x0000000008000610        0x0 /tmp/ccMHQbTx.o

.rodata         0x0000000008000610        0x0
                0x0000000008000610                . = ALIGN (0x4)
 *(.rodata)
 *(.rodata*)
                0x0000000008000610                . = ALIGN (0x4)

.ARM.extab      0x0000000008000610        0x0
                0x0000000008000610                . = ALIGN (0x4)
 *(.ARM.extab* .gnu.linkonce.armextab.*)
                0x0000000008000610                . = ALIGN (0x4)

.ARM            0x0000000008000610        0x0
                0x0000000008000610                . = ALIGN (0x4)
                0x0000000008000610                __exidx_start = .
 *(.ARM.exidx*)
                0x0000000008000610                __exidx_end = .
                0x0000000008000610                . = ALIGN (0x4)

.preinit_array  0x0000000008000610        0x0
                0x0000000008000610                . = ALIGN (0x4)
                0x0000000008000610                PROVIDE (__preinit_array_start = .)
 *(.preinit_array*)
                0x0000000008000610                PROVIDE (__preinit_array_end = .)
                0x0000000008000610                . = ALIGN (0x4)

.init_array     0x0000000008000610        0x0
                0x0000000008000610                . = ALIGN (0x4)
                0x0000000008000610                PROVIDE (__init_array_start = .)
 *(SORT_BY_NAME(.init_array.*))
 *(.init_array*)
                0x0000000008000610                PROVIDE (__init_array_end = .)
                0x0000000008000610                . = ALIGN (0x4)

.fini_array     0x0000000008000610        0x0
                0x0000000008000610                . = ALIGN (0x4)
                [!provide]                        PROVIDE (__fini_array_start = .)
 *(SORT_BY_NAME(.fini_array.*))
 *(.fini_array*)
                [!provide]                        PROVIDE (__fini_array_end = .)
                0x0000000008000610                . = ALIGN (0x4)
                0x0000000008000610                _sidata = LOADADDR (.data)

.data           0x0000000020000000        0x0 load address 0x0000000008000610
                0x0000000020000000                . = ALIGN (0x4)
                0x0000000020000000                _sdata = .
 *(.data)
 *(.data*)
 *(.RamFunc)
 *(.RamFunc*)
                0x0000000020000000                . = ALIGN (0x4)
                0x0000000020000000                _edata = .

.igot.plt       0x0000000020000000        0x0 load address 0x0000000008000610
 .igot.plt      0x0000000020000000        0x0 /tmp/ccMHQbTx.o
                0x0000000020000000                . = ALIGN (0x4)

.bss            0x0000000020000000       0x1c load address 0x0000000008000610
                0x0000000020000000                _sbss = .
                0x0000000020000000                __bss_start__ = _sbss
 *(.bss)
 *(.bss*)
 .bss.debounceCounter
                0x0000000020000000        0x1 /tmp/ccMHQbTx.o
                0x0000000020000000                debounceCounter
 *fill*         0x0000000020000001        0x3 
 .bss.holdStartTime
                0x0000000020000004        0x4 /tmp/ccMHQbTx.o
                0x0000000020000004                holdStartTime
 .bss.lastPressTime
                0x0000000020000008        0x4 /tmp/ccMHQbTx.o
                0x0000000020000008                lastPressTime
 .bss.pressCount
                0x000000002000000c        0x1 /tmp/ccMHQbTx.o
                0x000000002000000c                pressCount
 *fill*         0x000000002000000d        0x3 
 .bss.startTime
                0x0000000020000010        0x4 /tmp/ccMHQbTx.o
                0x0000000020000010                startTime
 .bss.switchDebounced
                0x0000000020000014        0x1 /tmp/ccMHQbTx.o
                0x0000000020000014                switchDebounced
 *fill*         0x0000000020000015        0x3 
 .bss.ticks     0x0000000020000018        0x4 /tmp/ccMHQbTx.o
                0x0000000020000018                ticks
 *(COMMON)
                0x000000002000001c                . = ALIGN (0x4)
                0x000000002000001c                _ebss = .
                0x000000002000001c                __bss_end__ = _ebss

._user_heap_stack
                0x000000002000001c      0x604 load address 0x0000000008000610
                0x0000000020000020                . = ALIGN (0x8)
 *fill*         0x000000002000001c        0x4 
                [!provide]                        PROVIDE (end = .)
                [!provide]                        PROVIDE (_end = .)
                0x0000000020000220                . = (. + _Min_Heap_Size)
 *fill*         0x0000000020000020      0x200 
                0x0000000020000620                . = (. + _Min_Stack_Size)
 *fill*         0x0000000020000220      0x400 
                0x0000000020000620                . = ALIGN (0x8)

/DISCARD/
 libc.a(*)
 libm.a(*)
 libgcc.a(*)

.ARM.attributes
                0x0000000000000000       0x2b
 *(.ARM.attributes)
 .ARM.attributes
                0x0000000000000000       0x2d /tmp/ccehngWU.o
 .ARM.attributes
                0x000000000000002d       0x2d /tmp/cc5liNaz.o
 .ARM.attributes
                0x000000000000005a       0x2d /tmp/ccTOLBGK.o
 .ARM.attributes
                0x0000000000000087       0x2d /tmp/ccMHQbTx.o
 .ARM.attributes
                0x00000000000000b4       0x2d /tmp/cchp82Rm.o
 .ARM.attributes
                0x00000000000000e1       0x2d /tmp/ccAgQIPU.o
 .ARM.attributes
                0x000000000000010e       0x2d /tmp/ccAI0vdE.o
 .ARM.attributes
                0x000000000000013b       0x21 /tmp/ccALJjan.o
 .ARM.attributes
                0x000000000000015c       0x2d /usr/local/bin/arm-gnu-toolchain/bin/../lib/gcc/arm-none-eabi/10.3.1/../../../../arm-none-eabi/lib/thumb/v7-m/nofp/libc_nano.a(lib_a-init.o)
OUTPUT(firmware.elf elf32-littlearm)
LOAD linker stubs
LOAD /usr/local/bin/arm-gnu-toolchain/bin/../lib/gcc/arm-none-eabi/10.3.1/../../../../arm-none-eabi/lib/thumb/v7-m/nofp/libc.a
LOAD /usr/local/bin/arm-gnu-toolchain/bin/../lib/gcc/arm-none-eabi/10.3.1/../../../../arm-none-eabi/lib/thumb/v7-m/nofp/libm.a
LOAD /usr/local/bin/arm-gnu-toolchain/bin/../lib/gcc/arm-none-eabi/10.3.1/thumb/v7-m/nofp/libgcc.a

.debug_info     0x0000000000000000     0x21e6
 .debug_info    0x0000000000000000      0x840 /tmp/ccehngWU.o
 .debug_info    0x0000000000000840      0x1bc /tmp/cc5liNaz.o
 .debug_info    0x00000000000009fc      0x142 /tmp/ccTOLBGK.o
 .debug_info    0x0000000000000b3e      0xb31 /tmp/ccMHQbTx.o
 .debug_info    0x000000000000166f      0x245 /tmp/cchp82Rm.o
 .debug_info    0x00000000000018b4      0x189 /tmp/ccAgQIPU.o
 .debug_info    0x0000000000001a3d      0x787 /tmp/ccAI0vdE.o
 .debug_info    0x00000000000021c4       0x22 /tmp/ccALJjan.o

.debug_abbrev   0x0000000000000000      0x96c
 .debug_abbrev  0x0000000000000000      0x1b0 /tmp/ccehngWU.o
 .debug_abbrev  0x00000000000001b0       0x9d /tmp/cc5liNaz.o
 .debug_abbrev  0x000000000000024d       0x9d /tmp/ccTOLBGK.o
 .debug_abbrev  0x00000000000002ea      0x2c5 /tmp/ccMHQbTx.o
 .debug_abbrev  0x00000000000005af      0x141 /tmp/cchp82Rm.o
 .debug_abbrev  0x00000000000006f0       0xe8 /tmp/ccAgQIPU.o
 .debug_abbrev  0x00000000000007d8      0x182 /tmp/ccAI0vdE.o
 .debug_abbrev  0x000000000000095a       0x12 /tmp/ccALJjan.o

.debug_loc      0x0000000000000000      0x30f
 .debug_loc     0x0000000000000000       0xdf /tmp/ccehngWU.o
 .debug_loc     0x00000000000000df       0x89 /tmp/ccMHQbTx.o
 .debug_loc     0x0000000000000168       0xe7 /tmp/cchp82Rm.o
 .debug_loc     0x000000000000024f       0x7e /tmp/ccAgQIPU.o
 .debug_loc     0x00000000000002cd       0x42 /tmp/ccAI0vdE.o

.debug_aranges  0x0000000000000000      0x148
 .debug_aranges
                0x0000000000000000       0x20 /tmp/ccehngWU.o
 .debug_aranges
                0x0000000000000020       0x20 /tmp/cc5liNaz.o
 .debug_aranges
                0x0000000000000040       0x20 /tmp/ccTOLBGK.o
 .debug_aranges
                0x0000000000000060       0x48 /tmp/ccMHQbTx.o
 .debug_aranges
                0x00000000000000a8       0x28 /tmp/cchp82Rm.o
 .debug_aranges
                0x00000000000000d0       0x30 /tmp/ccAgQIPU.o
 .debug_aranges
                0x0000000000000100       0x20 /tmp/ccAI0vdE.o
 .debug_aranges
                0x0000000000000120       0x28 /tmp/ccALJjan.o

.debug_ranges   0x0000000000000000      0x178
 .debug_ranges  0x0000000000000000       0x40 /tmp/ccehngWU.o
 .debug_ranges  0x0000000000000040       0x10 /tmp/cc5liNaz.o
 .debug_ranges  0x0000000000000050       0x10 /tmp/ccTOLBGK.o
 .debug_ranges  0x0000000000000060       0x98 /tmp/ccMHQbTx.o
 .debug_ranges  0x00000000000000f8       0x18 /tmp/cchp82Rm.o
 .debug_ranges  0x0000000000000110       0x20 /tmp/ccAgQIPU.o
 .debug_ranges  0x0000000000000130       0x28 /tmp/ccAI0vdE.o
 .debug_ranges  0x0000000000000158       0x20 /tmp/ccALJjan.o

.debug_macro    0x0000000000000000    0x10404
 .debug_macro   0x0000000000000000       0xbd /tmp/ccehngWU.o
 .debug_macro   0x00000000000000bd      0xa66 /tmp/ccehngWU.o
 .debug_macro   0x0000000000000b23       0x22 /tmp/ccehngWU.o
 .debug_macro   0x0000000000000b45       0x22 /tmp/ccehngWU.o
 .debug_macro   0x0000000000000b67       0x8e /tmp/ccehngWU.o
 .debug_macro   0x0000000000000bf5       0x51 /tmp/ccehngWU.o
 .debug_macro   0x0000000000000c46      0x103 /tmp/ccehngWU.o
 .debug_macro   0x0000000000000d49       0x6a /tmp/ccehngWU.o
 .debug_macro   0x0000000000000db3      0x1df /tmp/ccehngWU.o
 .debug_macro   0x0000000000000f92       0x1c /tmp/ccehngWU.o
 .debug_macro   0x0000000000000fae       0x22 /tmp/ccehngWU.o
 .debug_macro   0x0000000000000fd0       0xbd /tmp/ccehngWU.o
 .debug_macro   0x000000000000108d      0xd23 /tmp/ccehngWU.o
 .debug_macro   0x0000000000001db0     0xe09e /tmp/ccehngWU.o
 .debug_macro   0x000000000000fe4e       0xb7 /tmp/cc5liNaz.o
 .debug_macro   0x000000000000ff05       0xb7 /tmp/ccTOLBGK.o
 .debug_macro   0x000000000000ffbc      0x119 /tmp/ccMHQbTx.o
 .debug_macro   0x00000000000100d5       0x10 /tmp/ccMHQbTx.o
 .debug_macro   0x00000000000100e5       0x22 /tmp/ccMHQbTx.o
 .debug_macro   0x0000000000010107       0x1c /tmp/ccMHQbTx.o
 .debug_macro   0x0000000000010123       0x1c /tmp/ccMHQbTx.o
 .debug_macro   0x000000000001013f       0xc8 /tmp/cchp82Rm.o
 .debug_macro   0x0000000000010207       0x2e /tmp/cchp82Rm.o
 .debug_macro   0x0000000000010235       0x43 /tmp/cchp82Rm.o
 .debug_macro   0x0000000000010278       0xba /tmp/ccAgQIPU.o
 .debug_macro   0x0000000000010332       0xbc /tmp/ccAI0vdE.o
 .debug_macro   0x00000000000103ee       0x16 /tmp/ccAI0vdE.o

.debug_line     0x0000000000000000     0x175f
 .debug_line    0x0000000000000000      0x331 /tmp/ccehngWU.o
 .debug_line    0x0000000000000331      0x277 /tmp/cc5liNaz.o
 .debug_line    0x00000000000005a8      0x2dd /tmp/ccTOLBGK.o
 .debug_line    0x0000000000000885      0x5b7 /tmp/ccMHQbTx.o
 .debug_line    0x0000000000000e3c      0x2ce /tmp/cchp82Rm.o
 .debug_line    0x000000000000110a      0x349 /tmp/ccAgQIPU.o
 .debug_line    0x0000000000001453      0x291 /tmp/ccAI0vdE.o
 .debug_line    0x00000000000016e4       0x7b /tmp/ccALJjan.o

.debug_str      0x0000000000000000    0x54753
 .debug_str     0x0000000000000000    0x53fd1 /tmp/ccehngWU.o
                                      0x5429d (size before relaxing)
 .debug_str     0x0000000000053fd1       0x35 /tmp/cc5liNaz.o
                                      0x53e58 (size before relaxing)
 .debug_str     0x0000000000054006       0x28 /tmp/ccTOLBGK.o
                                      0x53e4b (size before relaxing)
 .debug_str     0x000000000005402e      0x30f /tmp/ccMHQbTx.o
                                      0x545a6 (size before relaxing)
 .debug_str     0x000000000005433d      0x387 /tmp/cchp82Rm.o
                                      0x541bc (size before relaxing)
 .debug_str     0x00000000000546c4       0x59 /tmp/ccAgQIPU.o
                                      0x53eb2 (size before relaxing)
 .debug_str     0x000000000005471d        0xc /tmp/ccAI0vdE.o
                                      0x542b6 (size before relaxing)
 .debug_str     0x0000000000054729       0x2a /tmp/ccALJjan.o
                                         0x76 (size before relaxing)

.comment        0x0000000000000000       0x49
 .comment       0x0000000000000000       0x49 /tmp/ccehngWU.o
                                         0x4a (size before relaxing)
 .comment       0x0000000000000049       0x4a /tmp/cc5liNaz.o
 .comment       0x0000000000000049       0x4a /tmp/ccTOLBGK.o
 .comment       0x0000000000000049       0x4a /tmp/ccMHQbTx.o
 .comment       0x0000000000000049       0x4a /tmp/cchp82Rm.o
 .comment       0x0000000000000049       0x4a /tmp/ccAgQIPU.o
 .comment       0x0000000000000049       0x4a /tmp/ccAI0vdE.o

.debug_frame    0x0000000000000000      0x1b0
 .debug_frame   0x0000000000000000       0x20 /tmp/ccehngWU.o
 .debug_frame   0x0000000000000020       0x20 /tmp/cc5liNaz.o
 .debug_frame   0x0000000000000040       0x20 /tmp/ccTOLBGK.o
 .debug_frame   0x0000000000000060       0x94 /tmp/ccMHQbTx.o
 .debug_frame   0x00000000000000f4       0x30 /tmp/cchp82Rm.o
 .debug_frame   0x0000000000000124       0x40 /tmp/ccAgQIPU.o
 .debug_frame   0x0000000000000164       0x20 /tmp/ccAI0vdE.o
 .debug_frame   0x0000000000000184       0x2c /usr/local/bin/arm-gnu-toolchain/bin/../lib/gcc/arm-none-eabi/10.3.1/../../../../arm-none-eabi/lib/thumb/v7-m/nofp/libc_nano.a(lib_a-init.o)
